test0a.in
t24.in
t05.out
t25.out
t14.out
t07.in
t08.in
t18.in
t23.in
test0b.in
t09.in
t15.in
t01.in
t18.out
t11.in
t20.out
t12.in
t16.out
t01.out
t04.out
t06.out
t03.in
t21.in
t21.out
t11.out
t04.in
t19.in
t15.out
t19.out
t16.in
t25.in
t02.out
t23.out
t24.out
t17.in
t03.out
t10.in
t22.out
t12.out
t20.in
t22.in
t13.out
t05.in
t08.out
t07.out
t17.out
t02.in
t09.out
t06.in
t10.out
t14.in
t13.in
